exports[`test ProductList creates Product components for each each product 1`] = `
<ul
  className="c-product-list">
  <li>
    Loading
  </li>
</ul>
`;
